------------------------------------------------------------
TimeQuest Timing Analyzer Summary
------------------------------------------------------------

Type  : Slow Model Setup 'AluControl:alc|aux[3]'
Slack : -9.633
TNS   : -154.118

Type  : Slow Model Setup 'EscreveIR'
Slack : -7.810
TNS   : -33.457

Type  : Slow Model Setup 'CLOCK_50'
Slack : -7.770
TNS   : -2153.448

Type  : Slow Model Setup 'IR[13]'
Slack : -6.903
TNS   : -107.290

Type  : Slow Model Setup 'EscrevePC'
Slack : -6.425
TNS   : -38.364

Type  : Slow Model Setup 'OrigPC[0]'
Slack : -6.008
TNS   : -28.311

Type  : Slow Model Setup 'state[0]'
Slack : -5.674
TNS   : -138.615

Type  : Slow Model Setup 'EscreveMem'
Slack : -4.236
TNS   : -112.722

Type  : Slow Model Setup 'LeMem'
Slack : -3.760
TNS   : -20.269

Type  : Slow Model Setup 'Controle:ctl|signal[0]'
Slack : -1.910
TNS   : -4.670

Type  : Slow Model Setup 'LCD:display_LCD|conta_clock[14]'
Slack : -1.684
TNS   : -11.035

Type  : Slow Model Hold 'IR[13]'
Slack : -6.252
TNS   : -6.252

Type  : Slow Model Hold 'Controle:ctl|signal[0]'
Slack : -3.990
TNS   : -17.964

Type  : Slow Model Hold 'state[0]'
Slack : -2.869
TNS   : -27.374

Type  : Slow Model Hold 'CLOCK_50'
Slack : -2.411
TNS   : -119.476

Type  : Slow Model Hold 'OrigPC[0]'
Slack : -1.737
TNS   : -8.885

Type  : Slow Model Hold 'EscreveMem'
Slack : -0.761
TNS   : -10.397

Type  : Slow Model Hold 'EscrevePC'
Slack : -0.479
TNS   : -2.736

Type  : Slow Model Hold 'LCD:display_LCD|conta_clock[14]'
Slack : 0.391
TNS   : 0.000

Type  : Slow Model Hold 'AluControl:alc|aux[3]'
Slack : 0.397
TNS   : 0.000

Type  : Slow Model Hold 'LeMem'
Slack : 1.242
TNS   : 0.000

Type  : Slow Model Hold 'EscreveIR'
Slack : 4.816
TNS   : 0.000

Type  : Slow Model Recovery 'AluControl:alc|aux[3]'
Slack : -3.697
TNS   : -3.697

Type  : Slow Model Recovery 'IR[13]'
Slack : 0.693
TNS   : 0.000

Type  : Slow Model Removal 'IR[13]'
Slack : -6.752
TNS   : -6.752

Type  : Slow Model Removal 'AluControl:alc|aux[3]'
Slack : -0.103
TNS   : -0.103

Type  : Slow Model Minimum Pulse Width 'EscreveMem'
Slack : -1.880
TNS   : -146.640

Type  : Slow Model Minimum Pulse Width 'LeMem'
Slack : -1.880
TNS   : -22.560

Type  : Slow Model Minimum Pulse Width 'CLOCK_50'
Slack : -1.380
TNS   : -363.380

Type  : Slow Model Minimum Pulse Width 'IR[13]'
Slack : -0.834
TNS   : -68.964

Type  : Slow Model Minimum Pulse Width 'LCD:display_LCD|conta_clock[14]'
Slack : -0.500
TNS   : -9.000

Type  : Slow Model Minimum Pulse Width 'EscrevePC'
Slack : -0.500
TNS   : -6.000

Type  : Slow Model Minimum Pulse Width 'AluControl:alc|aux[3]'
Slack : 0.500
TNS   : 0.000

Type  : Slow Model Minimum Pulse Width 'Controle:ctl|signal[0]'
Slack : 0.500
TNS   : 0.000

Type  : Slow Model Minimum Pulse Width 'EscreveIR'
Slack : 0.500
TNS   : 0.000

Type  : Slow Model Minimum Pulse Width 'OrigPC[0]'
Slack : 0.500
TNS   : 0.000

Type  : Slow Model Minimum Pulse Width 'state[0]'
Slack : 0.500
TNS   : 0.000

Type  : Fast Model Setup 'EscreveIR'
Slack : -4.301
TNS   : -18.300

Type  : Fast Model Setup 'AluControl:alc|aux[3]'
Slack : -4.242
TNS   : -61.461

Type  : Fast Model Setup 'IR[13]'
Slack : -3.686
TNS   : -56.649

Type  : Fast Model Setup 'CLOCK_50'
Slack : -3.631
TNS   : -921.332

Type  : Fast Model Setup 'state[0]'
Slack : -3.098
TNS   : -76.830

Type  : Fast Model Setup 'OrigPC[0]'
Slack : -2.404
TNS   : -10.998

Type  : Fast Model Setup 'EscrevePC'
Slack : -1.899
TNS   : -11.277

Type  : Fast Model Setup 'EscreveMem'
Slack : -1.460
TNS   : -52.694

Type  : Fast Model Setup 'LeMem'
Slack : -1.293
TNS   : -6.728

Type  : Fast Model Setup 'Controle:ctl|signal[0]'
Slack : -0.580
TNS   : -1.258

Type  : Fast Model Setup 'LCD:display_LCD|conta_clock[14]'
Slack : -0.246
TNS   : -0.713

Type  : Fast Model Hold 'IR[13]'
Slack : -2.795
TNS   : -2.795

Type  : Fast Model Hold 'Controle:ctl|signal[0]'
Slack : -2.186
TNS   : -9.412

Type  : Fast Model Hold 'state[0]'
Slack : -1.672
TNS   : -17.149

Type  : Fast Model Hold 'CLOCK_50'
Slack : -1.562
TNS   : -161.940

Type  : Fast Model Hold 'OrigPC[0]'
Slack : -1.137
TNS   : -6.067

Type  : Fast Model Hold 'EscreveMem'
Slack : -0.780
TNS   : -13.056

Type  : Fast Model Hold 'EscrevePC'
Slack : -0.583
TNS   : -3.417

Type  : Fast Model Hold 'AluControl:alc|aux[3]'
Slack : 0.059
TNS   : 0.000

Type  : Fast Model Hold 'LCD:display_LCD|conta_clock[14]'
Slack : 0.215
TNS   : 0.000

Type  : Fast Model Hold 'LeMem'
Slack : 0.359
TNS   : 0.000

Type  : Fast Model Hold 'EscreveIR'
Slack : 3.185
TNS   : 0.000

Type  : Fast Model Recovery 'AluControl:alc|aux[3]'
Slack : -1.701
TNS   : -1.701

Type  : Fast Model Recovery 'IR[13]'
Slack : 0.214
TNS   : 0.000

Type  : Fast Model Removal 'IR[13]'
Slack : -2.976
TNS   : -2.976

Type  : Fast Model Removal 'AluControl:alc|aux[3]'
Slack : -0.049
TNS   : -0.049

Type  : Fast Model Minimum Pulse Width 'EscreveMem'
Slack : -1.880
TNS   : -146.640

Type  : Fast Model Minimum Pulse Width 'LeMem'
Slack : -1.880
TNS   : -22.560

Type  : Fast Model Minimum Pulse Width 'CLOCK_50'
Slack : -1.380
TNS   : -363.380

Type  : Fast Model Minimum Pulse Width 'LCD:display_LCD|conta_clock[14]'
Slack : -0.500
TNS   : -9.000

Type  : Fast Model Minimum Pulse Width 'EscrevePC'
Slack : -0.500
TNS   : -6.000

Type  : Fast Model Minimum Pulse Width 'IR[13]'
Slack : -0.089
TNS   : -5.518

Type  : Fast Model Minimum Pulse Width 'AluControl:alc|aux[3]'
Slack : 0.500
TNS   : 0.000

Type  : Fast Model Minimum Pulse Width 'Controle:ctl|signal[0]'
Slack : 0.500
TNS   : 0.000

Type  : Fast Model Minimum Pulse Width 'EscreveIR'
Slack : 0.500
TNS   : 0.000

Type  : Fast Model Minimum Pulse Width 'OrigPC[0]'
Slack : 0.500
TNS   : 0.000

Type  : Fast Model Minimum Pulse Width 'state[0]'
Slack : 0.500
TNS   : 0.000

------------------------------------------------------------
